[www.windesheim.nl/professionals/collegegeld-en-financieringsmogelijkheden.html]
[backblue.gif]
[fade.gif]
[index.html]
[www.windesheim.nl/getmedia/e1b52f39-6fa5-4a53-b030-d9eeedf00ace/Accountancymkb_posthbo_190523-2975ef1.jpg]
[www.windesheim.nl/assets/css/maina142.css]
[www.windesheim.nl/getmedia/d06bfafc-febf-4c5e-bcec-bdf619d2ae93/Windesheim_logodf9e.png]
[www.windesheim.nl/professionals/hulp-bij-studiekeuze.html]
[www.windesheim.nl/professionals/open-avond-studeren-in-deeltijd.html]
[www.windesheim.nl/professionals/hulp-bij-studiekeuze/proefles-volgen.html]
[www.windesheim.nl/professionals/hulp-bij-studiekeuze/persoonlijk-adviesgesprek.html]
[www.windesheim.nl/professionals/opleidingsvormen.html]
[www.windesheim.nl/professionals/interessegebieden.html]
[www.windesheim.nl/professionals/toelating.html]
[www.windesheim.nl/professionals/studeren-bij-windesheim.html]
[www.windesheim.nl/professionals/carriereswitch.html]
[www.windesheim.nl/professionals/hbo-er.html]
[www.windesheim.nl/getmedia/e3816670-5a25-4aab-81b2-334f4431562a/Prof-Alg190523-334f747.jpg]
[www.windesheim.nl/professionals/collegegeld-en-financieringsmogelijkheden/stap-budget.html]
[www.windesheim.nl/assets/js/tabbya142.js]
[www.windesheim.nl/assets/js/youtube_iframe_apia142.js]
[www.windesheim.nl/professionals/collegegeld-en-financieringsmogelijkheden.html]
[www.windesheim.nl/assets/js/maina142.js]
[www.windesheim.nl/assets/img/parallelogram-mask.png]
[www.windesheim.nl/assets/css/maina142.css]
[www.googletagmanager.com/gtm5445.html]
[www.windesheim.nl/getmedia/38bf02d8-b6f7-4178-b7b6-f1bfc4637bb9/Algemeen_professionals_190506-625ef1.jpg]
[www.windesheim.nl/getmedia/6c8eff7b-10d0-4418-be47-b1c814cace77/Professional_Coaching_en_Supervisie_190523-34391ba.jpg]
[www.windesheim.nl/professionals/hulp-bij-studiekeuze/studiekeuze-en-loopbaanbegeleiding.html]
[www.windesheim.nl/getmedia/30620d05-7f4b-4238-94c1-5b1870d60675/190514-ff42-5147-(1)-(1)1480.jpg]
[www.windesheim.nl/professionals/hulp-bij-studiekeuze/studie-en-carrierescan.html]
[www.windesheim.nl/getmedia/ff6b35f8-5530-40c7-a0ce-ae776f497c0f/Professional_algemeen_190611-6375554.jpg]
[www.windesheim.nl/getmedia/80ec730c-46f6-4f06-a7fe-c7b6fafc290d/Open-avond_professionals_20201119-0182985d.png]
[www.windesheim.nl/getmedia/c6ddb163-0f25-43ea-a215-ea8c22478785/Professional_algemeen_190506-55693c.jpg]
[www.windesheim.nl/getmedia/07f775b2-fa03-4041-8a8f-039ebef9eed1/Professional_algemeen_190506-9525ca.jpg]
[www.windesheim.nl/getmedia/1e9363d5-b4cd-4894-8a56-555416780b88/200917-861-(1)91ba.jpg]
[www.windesheim.nl/professionals/hulp-bij-studiekeuze.html]
[www.windesheim.nl/getmedia/2c5487f6-bf8b-490e-9a70-0faeaf249ee7/Open-avond-campagnebeeld-1-headerd58c.png]
[www.windesheim.nl/getmedia/947adb95-8996-41f2-b76f-aa92706fbe31/Open-avond-campagnebeeld-2-content2e51.png]
[www.windesheim.nl/professionals/open-avond-almere.html]
[www.windesheim.nl/professionals/open-avond-zwolle.html]
[www.windesheim.nl/getmedia/30620d05-7f4b-4238-94c1-5b1870d60675/190514-ff42-5147-(1)-(1)79b0.jpg]
[www.windesheim.nl/getmedia/ff6b35f8-5530-40c7-a0ce-ae776f497c0f/Professional_algemeen_190611-637b5f2.jpg]
[www.windesheim.nl/getmedia/eaf098c9-4fbd-4218-a650-3abd982cd427/Lerarenopleiding-Onderwijs_190527-38879b0.jpg]
[www.windesheim.nl/getmedia/95baae04-6a43-4e0b-b066-2d9e03a03a44/Lerarenopleiding-Onderwijs_190604-54479b0.jpg]
[www.windesheim.nl/professionals/open-avond-studeren-in-deeltijd.html]
[www.windesheim.nl/getmedia/d4b1ff99-1b34-4f5c-82cb-e499b7471d5e/Algemeen_Professionals_190430-36b5ef1.jpg]
[www.windesheim.nl/getmedia/e77587c5-622c-4bc9-a376-116a1dc964e7/Professional_algemeen-190523-335f747.jpg]
[www.windesheim.nl/getmedia/e1b52f39-6fa5-4a53-b030-d9eeedf00ace/Accountancymkb_posthbo_190523-297aebf.jpg]
[www.windesheim.nl/getmedia/f2696248-34cd-48cb-ac84-7a4d0c1a4efb/Algemeen_professionals_190603-478aebf.jpg]
[www.windesheim.nl/getmedia/07f2b330-492d-433c-98d9-57ab88438b20/Aanmelden_jongeren_191104-738aebf.jpg]
[www.windesheim.nl/professionals/hulp-bij-studiekeuze/proefles-volgen.html]
[www.windesheim.nl/getmedia/09aed045-d6ba-4556-b267-5e6b5c76de02/Subhome-prof_Header4_190506-505ef1.jpg]
[www.windesheim.nl/getmedia/07f775b2-fa03-4041-8a8f-039ebef9eed1/Professional_algemeen_190506-95c8cb.jpg]
[www.windesheim.nl/professionals/hulp-bij-studiekeuze/persoonlijk-adviesgesprek.html]
[www.windesheim.nl/getmedia/f7866821-484b-4fff-bd89-4309d904dc1b/Algemeen_professionals_190506-1255ef1.jpg]
[www.windesheim.nl/getmedia/bfe271b0-47ff-4b83-8a33-24de07b66676/Algemeen_Almere_210701-01379b0.jpg]
[www.windesheim.nl/getmedia/b6fb8b25-89f3-43db-a423-818c649661d6/Algemeen_Almere_210701-02879b0.jpg]
[www.windesheim.nl/getmedia/87cd13f1-fba6-43b6-b3dc-2a51911e4204/Professionals-Opleidingsvormen-200917-84474f3.png]
[www.windesheim.nl/getmedia/e88c9007-86d6-42f4-abd4-d228c1f805b1/Bouwkunde_190527-418_179b0.jpg]
[www.windesheim.nl/getmedia/d902fef8-ef56-4c1f-ad5b-5f15333ebb9b/20201210-1179b0.jpg]
[www.windesheim.nl/getmedia/58fdf880-2d95-4257-8964-c66ca291b329/Prof-Alg-190523-336e82c.jpg]
[www.windesheim.nl/getmedia/ee402992-8bf0-48ff-bd02-940abab171a0/TechniekenICT_190611-63179b0.jpg]
[www.windesheim.nl/getmedia/1e9363d5-b4cd-4894-8a56-555416780b88/200917-861-(1)79b0.jpg]
[www.windesheim.nl/getmedia/194f23d3-495c-4120-b191-6b24aa21b2c0/Professional_algemeen_190523-233e82c.jpg]
[www.windesheim.nl/getmedia/fa098ef9-12b7-4bdd-a669-7103f5509326/Professional_algemeen_190603-474ad2a2.jpg]
[www.windesheim.nl/professionals/keuzeprogramma.html]
[www.windesheim.nl/professionals/opleidingsvormen.html]
[www.windesheim.nl/professionals/opleidingsvormen/flexibel-deeltijdonderwijs.html]
[www.windesheim.nl/getmedia/51ba60cc-e60c-4b8c-a0ce-b2ec37bbe007/Intervisievoorteamcoaches_cursusmodule_zwolle_190523-3345ef1.jpg]
[www.windesheim.nl/getmedia/2e91557a-7d71-49ad-92a1-58cee78710af/Professional_Coaching_en_Supervisie_190523-35591ba.jpg]
[www.windesheim.nl/getmedia/327d6284-714d-4607-83cc-bc228427bcbd/Bewegenensport_contentfoto950x600_190521-18579b0.jpg]
[www.windesheim.nl/getmedia/b99fcba7-dbe5-472b-a4a4-7b1afcb43a14/Coachingensupervisie_contentfoto950x600_190523-35479b0.jpg]
[www.windesheim.nl/getmedia/7207da18-b251-4222-b025-17b4791f6b2e/Economiemanagementrecht_contentfoto950x600_190603-47179b0.jpg]
[www.windesheim.nl/getmedia/1e9d3fc0-8940-44fe-ba56-89d8a4882317/Gezondheidenwelzijn_contentfoto950x600_190523-31079b0.jpg]
[www.windesheim.nl/getmedia/86f07107-8d67-4cdc-9978-daceb747ff16/Leiderschap_contentfoto950x600_190523-29779b0.jpg]
[www.windesheim.nl/getmedia/26e9c084-15cf-4a8e-8821-d0611af0bf38/Logistiek_contentfoto950x600_190603-48679b0.jpg]
[www.windesheim.nl/getmedia/0be54bae-a09f-421b-9550-e602989f0612/Onderwijs_contentfoto950x600_190604-54479b0.jpg]
[www.windesheim.nl/getmedia/ab449d5c-33b4-46e4-a084-b6a265ccfcf6/TechniekenICT_contentfoto950x600_190611-63379b0.jpg]
[www.windesheim.nl/getmedia/7f101a2c-f2a2-4677-9265-2a07c41acef6/Theologie_contentfoto950x600_190523-23279b0.jpg]
[www.windesheim.nl/professionals/interessegebieden.html]
[www.windesheim.nl/getmedia/f2696248-34cd-48cb-ac84-7a4d0c1a4efb/Algemeen_professionals_190603-4785ef1.jpg]
[www.windesheim.nl/getmedia/fa098ef9-12b7-4bdd-a669-7103f5509326/Professional-algemeen_190603-474a8bfd.jpg]
[www.windesheim.nl/professionals/toelating.html]
[www.windesheim.nl/getmedia/7eed860e-522b-4728-a519-829b9e9e4c5e/200917-857-header5ef1.jpg]
[www.windesheim.nl/getmedia/22246516-c304-4ddf-ba32-6116551890c0/200917-85591ba.jpg]
[www.windesheim.nl/getmedia/3bc96854-e1e5-4eab-a987-24e42756a7e6/Algemeen_business_Almere_190523-30679b0.jpg]
[www.windesheim.nl/getmedia/701134ec-5f06-4999-95ae-223fb77a9d03/Mediacentrum_191008-69879b0.jpg]
[www.windesheim.nl/getmedia/30d7ed2f-9401-49aa-8a79-8871bdf9f856/Koffiecorners_191104-73379b0.jpg]
[www.windesheim.nl/getmedia/f44055b8-33c6-46ec-82bf-21e043f962e8/Restaurants_190912-66879b0.jpg]
[www.windesheim.nl/getmedia/95074cfe-05d9-4b37-8c3e-009e28ac1917/Professional_algemeen_190603-46679b0.jpg]
[www.windesheim.nl/getmedia/cb01f37f-e73e-461b-abb3-7046d7b077c3/Professional_algemeen_190603-468911a.jpg]
[www.windesheim.nl/getmedia/8e2f1d7b-82a0-4139-a582-65db9d696265/Bewegen-en-Sport_191218-75479b0.jpg]
[www.windesheim.nl/getmedia/05066308-86a3-4212-b653-90f5df18854c/Sportfaciliteiten_150610-101779b0.jpg]
[www.windesheim.nl/getmedia/42a73d04-2aa4-4b0a-a15b-3f9016689dba/Openbaarvervoer_190613-63679b0.jpg]
[www.windesheim.nl/getmedia/e433c32e-5d18-4c1b-85ef-20228f0852ae/Professional_algemeen_190506-577225.jpg]
[www.windesheim.nl/getmedia/4c57c1a3-a18a-418a-b7f7-6915435c8ad9/Algemeen_business_Almere_190604-50991ba.jpg]
[www.windesheim.nl/professionals/studeren-bij-windesheim.html]
[www.windesheim.nl/getmedia/2c7b93e8-3ec4-41df-9ff3-f25d4d964327/CoacheninGezondheidenWelzijn_cursusmodule_zwolle_190523-3505ef1.jpg]
[www.windesheim.nl/getmedia/b99fcba7-dbe5-472b-a4a4-7b1afcb43a14/Coachingensupervisie_contentfoto950x600_190523-35491ba.jpg]
[www.windesheim.nl/getmedia/e0df9e12-ade7-496a-9ef4-3e9b68e2c403/Contentfoto-Siham-goed1480.jpg]
[www.windesheim.nl/getmedia/e3a6b31d-da98-4b11-8977-25e0e31e8623/Contentfoto-carriereswitcher-Gerke1480.jpg]
[www.windesheim.nl/getmedia/cc33d380-a0d2-4b62-8367-d330a0e034ec/210302-0044804.jpg]
[www.windesheim.nl/getmedia/d3ecab07-7837-45b8-91f4-30f0637bae6c/210312-002-(1)f449.jpg]
[www.windesheim.nl/getmedia/42c01ac0-feda-45a9-95df-19384e36ddc9/Josine-ten-Caat1480.jpg]
[www.windesheim.nl/getmedia/d16a0cdf-091b-423b-8f09-96cd66a6f23d/Marcel-Poel1480.jpg]
[www.windesheim.nl/getmedia/9fbfdcae-5a60-4373-b444-bdc399737ad4/robertcontentfoto1480.jpg]
[www.windesheim.nl/getmedia/3198745d-913f-43be-b01c-ee445417c8ad/210412-02798e.jpg]
[www.windesheim.nl/getmedia/f3fa641a-67b1-4b5f-a387-aeedc070c916/Mirjam-Keuzeprogramma-Profiel-Portret91ba.jpg]
[www.windesheim.nl/getmedia/246aee64-6ac0-48c4-bda9-219aa2727d37/Professional_Coaching_en_Supervisie_190523-34579b0.jpg]
[www.windesheim.nl/professionals/carriereswitch.html]
[www.windesheim.nl/getmedia/0d83e54c-fa7b-4f7e-8cc9-60ac8ee7845a/Professional_algemeen_190506-52bdbb.jpg]
[www.windesheim.nl/getmedia/d5d497d8-7805-4636-9e7e-c67ec2ea03e4/Professional_algemeen_190506-48fa27.jpg]
[www.windesheim.nl/getmedia/1bbfa1b8-cc7a-4fd1-804c-9da73bbeca16/Professional_algemeen_190603-47310d1.jpg]
[www.windesheim.nl/getmedia/8f9e55ca-b951-44da-bff3-349a7139ddb1/Professional_algemeen_190430-3679b0.jpg]
[www.windesheim.nl/professionals/hbo-er.html]
[www.windesheim.nl/getmedia/62cf1da7-55b4-49bb-aad8-874d72635260/Sociaal-ondernemen_cursusmodule_zwolle_190506-585ef1.jpg]
[www.windesheim.nl/getmedia/d902fef8-ef56-4c1f-ad5b-5f15333ebb9b/20201210-1191ba.jpg]
[www.windesheim.nl/professionals/collegegeld-en-financieringsmogelijkheden/stap-budget.html]
[www.windesheim.nl/assets/js/tabbya142.js]
[s.ytimg.com/yts/jsbin/www-widgetapi-vflPBjLfx/www-widgetapi.js]
[www.windesheim.nl/assets/js/youtube_iframe_apia142.js]
[www.windesheim.nl/assets/js/maina142.js]
[www.windesheim.nl/getmedia/99161cbc-b576-4f57-a7ff-8087b855f54f/Leiderschap_header_190523-2975ef1.jpg]
[www.windesheim.nl/getmedia/75a678c4-b18e-4aab-a33d-21b7bd46e182/thumbnail_950x600_antondevries_950x600b5b7.jpg]
[www.windesheim.nl/getmedia/a63f253f-19a2-4bcc-89bc-45e01ce9f654/Professional_algemeen_190603-470e7db.jpg]
[www.windesheim.nl/getmedia/9df3c785-69e1-43d8-853c-07078e8184b1/LynetteWindesheim3294.jpg]
[www.windesheim.nl/getmedia/ddf81afc-1b0d-4b5a-a0a8-9c42673441c4/Maarten-Dijkstra-profielfoto-kleine-afmeting1480.jpg]
[www.windesheim.nl/getmedia/f8ee39ed-7744-4e92-b485-0e58df17ca71/ERIKGEERDS-juist7425.jpg]
[www.windesheim.nl/getmedia/a5dcd638-1d81-4c13-8cd0-9bd6d1d13ca3/Mik-Kok1480.jpg]
[www.windesheim.nl/getmedia/68d4029c-7baa-4fdb-b499-5444c4cbe330/NIENKEKONINGed63.jpg]
[www.windesheim.nl/getmedia/813f0fea-ec09-4918-b297-6a181a18e95e/Eva-Noort0f2c.jpg]
[www.windesheim.nl/getmedia/e5d9f6d9-2a25-47ee-9293-8cfd77b34f19/Andy-SSC5030.jpg]
[www.windesheim.nl/getmedia/17c427e8-32a2-4a3b-afed-696501c1d91c/ANTONDEVRIES-(002)1480.jpg]
[www.windesheim.nl/getmedia/474efb44-5dfd-4b35-a43f-d6a6bda5f37b/Economiemanagementrecht_header_190603-471aebf.jpg]
[www.windesheim.nl/professionals/hulp-bij-studiekeuze/studiekeuze-en-loopbaanbegeleiding.html]
[www.windesheim.nl/getmedia/474efb44-5dfd-4b35-a43f-d6a6bda5f37b/Economiemanagementrecht_header_190603-4715ef1.jpg]
[www.windesheim.nl/getmedia/4102a83e-7de8-4d71-b61b-5b7f4e27188e/thumbnail_950x600_studieencarrierescannienke_950x600b5b7.jpg]
[www.windesheim.nl/getmedia/99161cbc-b576-4f57-a7ff-8087b855f54f/Leiderschap_header_190523-297aebf.jpg]
[www.windesheim.nl/professionals/hulp-bij-studiekeuze/studie-en-carrierescan.html]
[www.windesheim.nl/getmedia/c1d296c6-8dd2-49ff-8820-c5d5d802886d/Open-avond-campagnebeeld-4-headerd58c.png]
[www.windesheim.nl/getmedia/cc9d3b9c-dedb-4419-a8a3-12e0aeb6c218/Contentfoto-Zwolle-4-open-avond2e51.png]
[www.windesheim.nl/professionals/open-avond-almere.html]
[www.windesheim.nl/getmedia/9670a9eb-2c19-40bc-b790-f54411c2b58d/Open-avond-campagnebeeld-3-headerd58c.png]
[www.windesheim.nl/getmedia/7249794a-93ad-4d52-aaa1-02e0d1a5a05e/Contentfoto-Zwolle-2-open-avond2e51.png]
[www.windesheim.nl/professionals/open-avond-zwolle.html]
[www.windesheim.nl/getmedia/e3ecd7cc-8988-4d06-8c65-1e2c78561ee1/Nietgevonden_header1920x5205ef1.jpg]
[www.windesheim.nl/getmedia/22a41dc6-bc67-43e6-aa19-f86dd70467dc/Economie-Management-Recht_190523-290_179b0.jpg]
[www.windesheim.nl/getmedia/6da5542c-d5fc-4067-9117-bf0f3c62e309/SocialWork_190523-31079b0.jpg]
[www.windesheim.nl/getmedia/58c2c24e-e2b1-4636-8057-e81fd3855bcf/Elektrotechniek_191213-768a79b0.jpg]
[www.windesheim.nl/professionals/keuzeprogramma.html]
[www.windesheim.nl/getmedia/b78af6f3-0465-4bec-b34e-bd0617c16bd0/Professional-algemeen_190611-635738a.jpg]
[www.windesheim.nl/professionals/opleidingsvormen/flexibel-deeltijdonderwijs.html]
[www.windesheim.nl/professionals/post.html]
